20:58:35 **** Incremental Build of configuration Debug for project contador_ad ****
make pre-build main-build 
a9-linaro-pre-build-step
 
Building file: ../src/contador_ad.c
Invoking: ARM v7 gcc compiler
arm-none-eabi-gcc -Wall -O0 -g3 -c -fmessage-length=0 -MT"src/contador_ad.o" -mcpu=cortex-a9 -mfpu=vfpv3 -mfloat-abi=hard -I../../contador_ad_bsp/ps7_cortexa9_0/include -MMD -MP -MF"src/contador_ad.d" -MT"src/contador_ad.o" -o "src/contador_ad.o" "../src/contador_ad.c"
../src/contador_ad.c:8:10: fatal error: platform.h: No such file or directory
 #include "platform.h"
          ^~~~~~~~~~~~
compilation terminated.
src/subdir.mk:21: fallo en las instrucciones para el objetivo 'src/contador_ad.o'
make: *** [src/contador_ad.o] Error 1
20:58:44 **** Incremental Build of configuration Debug for project contador_ad ****
make pre-build main-build 
a9-linaro-pre-build-step
 
Building file: ../src/contador_ad.c
Invoking: ARM v7 gcc compiler
arm-none-eabi-gcc -Wall -O0 -g3 -c -fmessage-length=0 -MT"src/contador_ad.o" -mcpu=cortex-a9 -mfpu=vfpv3 -mfloat-abi=hard -I../../contador_ad_bsp/ps7_cortexa9_0/include -MMD -MP -MF"src/contador_ad.d" -MT"src/contador_ad.o" -o "src/contador_ad.o" "../src/contador_ad.c"
../src/contador_ad.c:8:10: fatal error: platform.h: No such file or directory
 #include "platform.h"
          ^~~~~~~~~~~~
compilation terminated.
src/subdir.mk:21: fallo en las instrucciones para el objetivo 'src/contador_ad.o'
make: *** [src/contador_ad.o] Error 1
21:06:20 **** Build of project cont_ad_bsp ****
make -k all 
Running Make include in ps7_cortexa9_0/libsrc/dmaps_v2_3/src
make -C ps7_cortexa9_0/libsrc/dmaps_v2_3/src -s include  "SHELL=/bin/sh" "COMPILER=arm-none-eabi-gcc" "ARCHIVER=arm-none-eabi-ar" "COMPILER_FLAGS=  -O2 -c" "EXTRA_COMPILER_FLAGS=-mcpu=cortex-a9 -mfpu=vfpv3 -mfloat-abi=hard -nostartfiles -g -Wall -Wextra"
Running Make include in ps7_cortexa9_0/libsrc/ddrps_v1_0/src
make -C ps7_cortexa9_0/libsrc/ddrps_v1_0/src -s include  "SHELL=/bin/sh" "COMPILER=arm-none-eabi-gcc" "ARCHIVER=arm-none-eabi-ar" "COMPILER_FLAGS=  -O2 -c" "EXTRA_COMPILER_FLAGS=-mcpu=cortex-a9 -mfpu=vfpv3 -mfloat-abi=hard -nostartfiles -g -Wall -Wextra"
Running Make include in ps7_cortexa9_0/libsrc/qspips_v3_4/src
make -C ps7_cortexa9_0/libsrc/qspips_v3_4/src -s include  "SHELL=/bin/sh" "COMPILER=arm-none-eabi-gcc" "ARCHIVER=arm-none-eabi-ar" "COMPILER_FLAGS=  -O2 -c" "EXTRA_COMPILER_FLAGS=-mcpu=cortex-a9 -mfpu=vfpv3 -mfloat-abi=hard -nostartfiles -g -Wall -Wextra"
Running Make include in ps7_cortexa9_0/libsrc/standalone_v6_7/src
make -C ps7_cortexa9_0/libsrc/standalone_v6_7/src -s include  "SHELL=/bin/sh" "COMPILER=arm-none-eabi-gcc" "ARCHIVER=arm-none-eabi-ar" "COMPILER_FLAGS=  -O2 -c" "EXTRA_COMPILER_FLAGS=-mcpu=cortex-a9 -mfpu=vfpv3 -mfloat-abi=hard -nostartfiles -g -Wall -Wextra"
Running Make include in ps7_cortexa9_0/libsrc/gpiops_v3_3/src
make -C ps7_cortexa9_0/libsrc/gpiops_v3_3/src -s include  "SHELL=/bin/sh" "COMPILER=arm-none-eabi-gcc" "ARCHIVER=arm-none-eabi-ar" "COMPILER_FLAGS=  -O2 -c" "EXTRA_COMPILER_FLAGS=-mcpu=cortex-a9 -mfpu=vfpv3 -mfloat-abi=hard -nostartfiles -g -Wall -Wextra"
Running Make include in ps7_cortexa9_0/libsrc/scugic_v3_9/src
make -C ps7_cortexa9_0/libsrc/scugic_v3_9/src -s include  "SHELL=/bin/sh" "COMPILER=arm-none-eabi-gcc" "ARCHIVER=arm-none-eabi-ar" "COMPILER_FLAGS=  -O2 -c" "EXTRA_COMPILER_FLAGS=-mcpu=cortex-a9 -mfpu=vfpv3 -mfloat-abi=hard -nostartfiles -g -Wall -Wextra"
Running Make include in ps7_cortexa9_0/libsrc/uartps_v3_6/src
make -C ps7_cortexa9_0/libsrc/uartps_v3_6/src -s include  "SHELL=/bin/sh" "COMPILER=arm-none-eabi-gcc" "ARCHIVER=arm-none-eabi-ar" "COMPILER_FLAGS=  -O2 -c" "EXTRA_COMPILER_FLAGS=-mcpu=cortex-a9 -mfpu=vfpv3 -mfloat-abi=hard -nostartfiles -g -Wall -Wextra"
Running Make include in ps7_cortexa9_0/libsrc/xadcps_v2_2/src
make -C ps7_cortexa9_0/libsrc/xadcps_v2_2/src -s include  "SHELL=/bin/sh" "COMPILER=arm-none-eabi-gcc" "ARCHIVER=arm-none-eabi-ar" "COMPILER_FLAGS=  -O2 -c" "EXTRA_COMPILER_FLAGS=-mcpu=cortex-a9 -mfpu=vfpv3 -mfloat-abi=hard -nostartfiles -g -Wall -Wextra"
Running Make include in ps7_cortexa9_0/libsrc/devcfg_v3_5/src
make -C ps7_cortexa9_0/libsrc/devcfg_v3_5/src -s include  "SHELL=/bin/sh" "COMPILER=arm-none-eabi-gcc" "ARCHIVER=arm-none-eabi-ar" "COMPILER_FLAGS=  -O2 -c" "EXTRA_COMPILER_FLAGS=-mcpu=cortex-a9 -mfpu=vfpv3 -mfloat-abi=hard -nostartfiles -g -Wall -Wextra"
Running Make include in ps7_cortexa9_0/libsrc/scuwdt_v2_1/src
make -C ps7_cortexa9_0/libsrc/scuwdt_v2_1/src -s include  "SHELL=/bin/sh" "COMPILER=arm-none-eabi-gcc" "ARCHIVER=arm-none-eabi-ar" "COMPILER_FLAGS=  -O2 -c" "EXTRA_COMPILER_FLAGS=-mcpu=cortex-a9 -mfpu=vfpv3 -mfloat-abi=hard -nostartfiles -g -Wall -Wextra"
Running Make include in ps7_cortexa9_0/libsrc/cpu_cortexa9_v2_6/src
make -C ps7_cortexa9_0/libsrc/cpu_cortexa9_v2_6/src -s include  "SHELL=/bin/sh" "COMPILER=arm-none-eabi-gcc" "ARCHIVER=arm-none-eabi-ar" "COMPILER_FLAGS=  -O2 -c" "EXTRA_COMPILER_FLAGS=-mcpu=cortex-a9 -mfpu=vfpv3 -mfloat-abi=hard -nostartfiles -g -Wall -Wextra"
Running Make include in ps7_cortexa9_0/libsrc/coresightps_dcc_v1_4/src
make -C ps7_cortexa9_0/libsrc/coresightps_dcc_v1_4/src -s include  "SHELL=/bin/sh" "COMPILER=arm-none-eabi-gcc" "ARCHIVER=arm-none-eabi-ar" "COMPILER_FLAGS=  -O2 -c" "EXTRA_COMPILER_FLAGS=-mcpu=cortex-a9 -mfpu=vfpv3 -mfloat-abi=hard -nostartfiles -g -Wall -Wextra"
Running Make include in ps7_cortexa9_0/libsrc/cont_ip_v1_0/src
make -C ps7_cortexa9_0/libsrc/cont_ip_v1_0/src -s include  "SHELL=/bin/sh" "COMPILER=arm-none-eabi-gcc" "ARCHIVER=arm-none-eabi-ar" "COMPILER_FLAGS=  -O2 -c" "EXTRA_COMPILER_FLAGS=-mcpu=cortex-a9 -mfpu=vfpv3 -mfloat-abi=hard -nostartfiles -g -Wall -Wextra"
Running Make include in ps7_cortexa9_0/libsrc/scutimer_v2_1/src
make -C ps7_cortexa9_0/libsrc/scutimer_v2_1/src -s include  "SHELL=/bin/sh" "COMPILER=arm-none-eabi-gcc" "ARCHIVER=arm-none-eabi-ar" "COMPILER_FLAGS=  -O2 -c" "EXTRA_COMPILER_FLAGS=-mcpu=cortex-a9 -mfpu=vfpv3 -mfloat-abi=hard -nostartfiles -g -Wall -Wextra"
Running Make libs in ps7_cortexa9_0/libsrc/dmaps_v2_3/src
make -C ps7_cortexa9_0/libsrc/dmaps_v2_3/src -s libs  "SHELL=/bin/sh" "COMPILER=arm-none-eabi-gcc" "ARCHIVER=arm-none-eabi-ar" "COMPILER_FLAGS=  -O2 -c" "EXTRA_COMPILER_FLAGS=-mcpu=cortex-a9 -mfpu=vfpv3 -mfloat-abi=hard -nostartfiles -g -Wall -Wextra"
Compiling dmaps
arm-none-eabi-ar: creando ../../../lib/libxil.a
Running Make libs in ps7_cortexa9_0/libsrc/ddrps_v1_0/src
make -C ps7_cortexa9_0/libsrc/ddrps_v1_0/src -s libs  "SHELL=/bin/sh" "COMPILER=arm-none-eabi-gcc" "ARCHIVER=arm-none-eabi-ar" "COMPILER_FLAGS=  -O2 -c" "EXTRA_COMPILER_FLAGS=-mcpu=cortex-a9 -mfpu=vfpv3 -mfloat-abi=hard -nostartfiles -g -Wall -Wextra"
Compiling ddrps
Running Make libs in ps7_cortexa9_0/libsrc/qspips_v3_4/src
make -C ps7_cortexa9_0/libsrc/qspips_v3_4/src -s libs  "SHELL=/bin/sh" "COMPILER=arm-none-eabi-gcc" "ARCHIVER=arm-none-eabi-ar" "COMPILER_FLAGS=  -O2 -c" "EXTRA_COMPILER_FLAGS=-mcpu=cortex-a9 -mfpu=vfpv3 -mfloat-abi=hard -nostartfiles -g -Wall -Wextra"
Compiling qspips
Running Make libs in ps7_cortexa9_0/libsrc/standalone_v6_7/src
make -C ps7_cortexa9_0/libsrc/standalone_v6_7/src -s libs  "SHELL=/bin/sh" "COMPILER=arm-none-eabi-gcc" "ARCHIVER=arm-none-eabi-ar" "COMPILER_FLAGS=  -O2 -c" "EXTRA_COMPILER_FLAGS=-mcpu=cortex-a9 -mfpu=vfpv3 -mfloat-abi=hard -nostartfiles -g -Wall -Wextra"
Compiling standalone
In file included from sleep.c:57:0:
xtime_l.h:89:9: note: #pragma message: For the sleep routines, Global timer is being used
 #pragma message ("For the sleep routines, Global timer is being used")
         ^~~~~~~
In file included from xtime_l.c:53:0:
xtime_l.h:89:9: note: #pragma message: For the sleep routines, Global timer is being used
 #pragma message ("For the sleep routines, Global timer is being used")
         ^~~~~~~
In file included from xil_sleeptimer.c:55:0:
xtime_l.h:89:9: note: #pragma message: For the sleep routines, Global timer is being used
 #pragma message ("For the sleep routines, Global timer is being used")
         ^~~~~~~
In file included from usleep.c:60:0:
xtime_l.h:89:9: note: #pragma message: For the sleep routines, Global timer is being used
 #pragma message ("For the sleep routines, Global timer is being used")
         ^~~~~~~
Running Make libs in ps7_cortexa9_0/libsrc/gpiops_v3_3/src
make -C ps7_cortexa9_0/libsrc/gpiops_v3_3/src -s libs  "SHELL=/bin/sh" "COMPILER=arm-none-eabi-gcc" "ARCHIVER=arm-none-eabi-ar" "COMPILER_FLAGS=  -O2 -c" "EXTRA_COMPILER_FLAGS=-mcpu=cortex-a9 -mfpu=vfpv3 -mfloat-abi=hard -nostartfiles -g -Wall -Wextra"
Compiling gpiops
Running Make libs in ps7_cortexa9_0/libsrc/scugic_v3_9/src
make -C ps7_cortexa9_0/libsrc/scugic_v3_9/src -s libs  "SHELL=/bin/sh" "COMPILER=arm-none-eabi-gcc" "ARCHIVER=arm-none-eabi-ar" "COMPILER_FLAGS=  -O2 -c" "EXTRA_COMPILER_FLAGS=-mcpu=cortex-a9 -mfpu=vfpv3 -mfloat-abi=hard -nostartfiles -g -Wall -Wextra"
Compiling scugic
Running Make libs in ps7_cortexa9_0/libsrc/uartps_v3_6/src
make -C ps7_cortexa9_0/libsrc/uartps_v3_6/src -s libs  "SHELL=/bin/sh" "COMPILER=arm-none-eabi-gcc" "ARCHIVER=arm-none-eabi-ar" "COMPILER_FLAGS=  -O2 -c" "EXTRA_COMPILER_FLAGS=-mcpu=cortex-a9 -mfpu=vfpv3 -mfloat-abi=hard -nostartfiles -g -Wall -Wextra"
Compiling uartps
Running Make libs in ps7_cortexa9_0/libsrc/xadcps_v2_2/src
make -C ps7_cortexa9_0/libsrc/xadcps_v2_2/src -s libs  "SHELL=/bin/sh" "COMPILER=arm-none-eabi-gcc" "ARCHIVER=arm-none-eabi-ar" "COMPILER_FLAGS=  -O2 -c" "EXTRA_COMPILER_FLAGS=-mcpu=cortex-a9 -mfpu=vfpv3 -mfloat-abi=hard -nostartfiles -g -Wall -Wextra"
Compiling xadcps
Running Make libs in ps7_cortexa9_0/libsrc/devcfg_v3_5/src
make -C ps7_cortexa9_0/libsrc/devcfg_v3_5/src -s libs  "SHELL=/bin/sh" "COMPILER=arm-none-eabi-gcc" "ARCHIVER=arm-none-eabi-ar" "COMPILER_FLAGS=  -O2 -c" "EXTRA_COMPILER_FLAGS=-mcpu=cortex-a9 -mfpu=vfpv3 -mfloat-abi=hard -nostartfiles -g -Wall -Wextra"
Compiling devcfg
Running Make libs in ps7_cortexa9_0/libsrc/scuwdt_v2_1/src
make -C ps7_cortexa9_0/libsrc/scuwdt_v2_1/src -s libs  "SHELL=/bin/sh" "COMPILER=arm-none-eabi-gcc" "ARCHIVER=arm-none-eabi-ar" "COMPILER_FLAGS=  -O2 -c" "EXTRA_COMPILER_FLAGS=-mcpu=cortex-a9 -mfpu=vfpv3 -mfloat-abi=hard -nostartfiles -g -Wall -Wextra"
Compiling scuwdt
Running Make libs in ps7_cortexa9_0/libsrc/cpu_cortexa9_v2_6/src
make -C ps7_cortexa9_0/libsrc/cpu_cortexa9_v2_6/src -s libs  "SHELL=/bin/sh" "COMPILER=arm-none-eabi-gcc" "ARCHIVER=arm-none-eabi-ar" "COMPILER_FLAGS=  -O2 -c" "EXTRA_COMPILER_FLAGS=-mcpu=cortex-a9 -mfpu=vfpv3 -mfloat-abi=hard -nostartfiles -g -Wall -Wextra"
Compiling cpu_cortexa9
Running Make libs in ps7_cortexa9_0/libsrc/coresightps_dcc_v1_4/src
make -C ps7_cortexa9_0/libsrc/coresightps_dcc_v1_4/src -s libs  "SHELL=/bin/sh" "COMPILER=arm-none-eabi-gcc" "ARCHIVER=arm-none-eabi-ar" "COMPILER_FLAGS=  -O2 -c" "EXTRA_COMPILER_FLAGS=-mcpu=cortex-a9 -mfpu=vfpv3 -mfloat-abi=hard -nostartfiles -g -Wall -Wextra"
Compiling coresightps_dcc
Running Make libs in ps7_cortexa9_0/libsrc/cont_ip_v1_0/src
make -C ps7_cortexa9_0/libsrc/cont_ip_v1_0/src -s libs  "SHELL=/bin/sh" "COMPILER=arm-none-eabi-gcc" "ARCHIVER=arm-none-eabi-ar" "COMPILER_FLAGS=  -O2 -c" "EXTRA_COMPILER_FLAGS=-mcpu=cortex-a9 -mfpu=vfpv3 -mfloat-abi=hard -nostartfiles -g -Wall -Wextra"
Compiling cont_ip...
cont_ip_selftest.c: In function 'CONT_IP_Reg_SelfTest':
cont_ip_selftest.c:52:56: warning: comparison between signed and unsigned integer expressions [-Wsign-compare]
    if ( CONT_IP_mReadReg (baseaddr, read_loop_index*4) != (read_loop_index+1)*READ_WRITE_MUL_FACTOR){
                                                        ^~
cont_ip_selftest.c:36:6: warning: unused variable 'Index' [-Wunused-variable]
  int Index;
      ^~~~~
Running Make libs in ps7_cortexa9_0/libsrc/scutimer_v2_1/src
make -C ps7_cortexa9_0/libsrc/scutimer_v2_1/src -s libs  "SHELL=/bin/sh" "COMPILER=arm-none-eabi-gcc" "ARCHIVER=arm-none-eabi-ar" "COMPILER_FLAGS=  -O2 -c" "EXTRA_COMPILER_FLAGS=-mcpu=cortex-a9 -mfpu=vfpv3 -mfloat-abi=hard -nostartfiles -g -Wall -Wextra"
Compiling scutimer
Finished building libraries
21:06:32 **** Auto Build of project cont_ad_bsp ****
make -k all 
Running Make include in ps7_cortexa9_0/libsrc/dmaps_v2_3/src
make -C ps7_cortexa9_0/libsrc/dmaps_v2_3/src -s include  "SHELL=/bin/sh" "COMPILER=arm-none-eabi-gcc" "ARCHIVER=arm-none-eabi-ar" "COMPILER_FLAGS=  -O2 -c" "EXTRA_COMPILER_FLAGS=-mcpu=cortex-a9 -mfpu=vfpv3 -mfloat-abi=hard -nostartfiles -g -Wall -Wextra"
Running Make include in ps7_cortexa9_0/libsrc/ddrps_v1_0/src
make -C ps7_cortexa9_0/libsrc/ddrps_v1_0/src -s include  "SHELL=/bin/sh" "COMPILER=arm-none-eabi-gcc" "ARCHIVER=arm-none-eabi-ar" "COMPILER_FLAGS=  -O2 -c" "EXTRA_COMPILER_FLAGS=-mcpu=cortex-a9 -mfpu=vfpv3 -mfloat-abi=hard -nostartfiles -g -Wall -Wextra"
Running Make include in ps7_cortexa9_0/libsrc/qspips_v3_4/src
make -C ps7_cortexa9_0/libsrc/qspips_v3_4/src -s include  "SHELL=/bin/sh" "COMPILER=arm-none-eabi-gcc" "ARCHIVER=arm-none-eabi-ar" "COMPILER_FLAGS=  -O2 -c" "EXTRA_COMPILER_FLAGS=-mcpu=cortex-a9 -mfpu=vfpv3 -mfloat-abi=hard -nostartfiles -g -Wall -Wextra"
Running Make include in ps7_cortexa9_0/libsrc/standalone_v6_7/src
make -C ps7_cortexa9_0/libsrc/standalone_v6_7/src -s include  "SHELL=/bin/sh" "COMPILER=arm-none-eabi-gcc" "ARCHIVER=arm-none-eabi-ar" "COMPILER_FLAGS=  -O2 -c" "EXTRA_COMPILER_FLAGS=-mcpu=cortex-a9 -mfpu=vfpv3 -mfloat-abi=hard -nostartfiles -g -Wall -Wextra"
Running Make include in ps7_cortexa9_0/libsrc/gpiops_v3_3/src
make -C ps7_cortexa9_0/libsrc/gpiops_v3_3/src -s include  "SHELL=/bin/sh" "COMPILER=arm-none-eabi-gcc" "ARCHIVER=arm-none-eabi-ar" "COMPILER_FLAGS=  -O2 -c" "EXTRA_COMPILER_FLAGS=-mcpu=cortex-a9 -mfpu=vfpv3 -mfloat-abi=hard -nostartfiles -g -Wall -Wextra"
Running Make include in ps7_cortexa9_0/libsrc/scugic_v3_9/src
make -C ps7_cortexa9_0/libsrc/scugic_v3_9/src -s include  "SHELL=/bin/sh" "COMPILER=arm-none-eabi-gcc" "ARCHIVER=arm-none-eabi-ar" "COMPILER_FLAGS=  -O2 -c" "EXTRA_COMPILER_FLAGS=-mcpu=cortex-a9 -mfpu=vfpv3 -mfloat-abi=hard -nostartfiles -g -Wall -Wextra"
Running Make include in ps7_cortexa9_0/libsrc/uartps_v3_6/src
make -C ps7_cortexa9_0/libsrc/uartps_v3_6/src -s include  "SHELL=/bin/sh" "COMPILER=arm-none-eabi-gcc" "ARCHIVER=arm-none-eabi-ar" "COMPILER_FLAGS=  -O2 -c" "EXTRA_COMPILER_FLAGS=-mcpu=cortex-a9 -mfpu=vfpv3 -mfloat-abi=hard -nostartfiles -g -Wall -Wextra"
Running Make include in ps7_cortexa9_0/libsrc/xadcps_v2_2/src
make -C ps7_cortexa9_0/libsrc/xadcps_v2_2/src -s include  "SHELL=/bin/sh" "COMPILER=arm-none-eabi-gcc" "ARCHIVER=arm-none-eabi-ar" "COMPILER_FLAGS=  -O2 -c" "EXTRA_COMPILER_FLAGS=-mcpu=cortex-a9 -mfpu=vfpv3 -mfloat-abi=hard -nostartfiles -g -Wall -Wextra"
Running Make include in ps7_cortexa9_0/libsrc/devcfg_v3_5/src
make -C ps7_cortexa9_0/libsrc/devcfg_v3_5/src -s include  "SHELL=/bin/sh" "COMPILER=arm-none-eabi-gcc" "ARCHIVER=arm-none-eabi-ar" "COMPILER_FLAGS=  -O2 -c" "EXTRA_COMPILER_FLAGS=-mcpu=cortex-a9 -mfpu=vfpv3 -mfloat-abi=hard -nostartfiles -g -Wall -Wextra"
Running Make include in ps7_cortexa9_0/libsrc/scuwdt_v2_1/src
make -C ps7_cortexa9_0/libsrc/scuwdt_v2_1/src -s include  "SHELL=/bin/sh" "COMPILER=arm-none-eabi-gcc" "ARCHIVER=arm-none-eabi-ar" "COMPILER_FLAGS=  -O2 -c" "EXTRA_COMPILER_FLAGS=-mcpu=cortex-a9 -mfpu=vfpv3 -mfloat-abi=hard -nostartfiles -g -Wall -Wextra"
Running Make include in ps7_cortexa9_0/libsrc/cpu_cortexa9_v2_6/src
make -C ps7_cortexa9_0/libsrc/cpu_cortexa9_v2_6/src -s include  "SHELL=/bin/sh" "COMPILER=arm-none-eabi-gcc" "ARCHIVER=arm-none-eabi-ar" "COMPILER_FLAGS=  -O2 -c" "EXTRA_COMPILER_FLAGS=-mcpu=cortex-a9 -mfpu=vfpv3 -mfloat-abi=hard -nostartfiles -g -Wall -Wextra"
Running Make include in ps7_cortexa9_0/libsrc/coresightps_dcc_v1_4/src
make -C ps7_cortexa9_0/libsrc/coresightps_dcc_v1_4/src -s include  "SHELL=/bin/sh" "COMPILER=arm-none-eabi-gcc" "ARCHIVER=arm-none-eabi-ar" "COMPILER_FLAGS=  -O2 -c" "EXTRA_COMPILER_FLAGS=-mcpu=cortex-a9 -mfpu=vfpv3 -mfloat-abi=hard -nostartfiles -g -Wall -Wextra"
Running Make include in ps7_cortexa9_0/libsrc/cont_ip_v1_0/src
make -C ps7_cortexa9_0/libsrc/cont_ip_v1_0/src -s include  "SHELL=/bin/sh" "COMPILER=arm-none-eabi-gcc" "ARCHIVER=arm-none-eabi-ar" "COMPILER_FLAGS=  -O2 -c" "EXTRA_COMPILER_FLAGS=-mcpu=cortex-a9 -mfpu=vfpv3 -mfloat-abi=hard -nostartfiles -g -Wall -Wextra"
Running Make include in ps7_cortexa9_0/libsrc/scutimer_v2_1/src
make -C ps7_cortexa9_0/libsrc/scutimer_v2_1/src -s include  "SHELL=/bin/sh" "COMPILER=arm-none-eabi-gcc" "ARCHIVER=arm-none-eabi-ar" "COMPILER_FLAGS=  -O2 -c" "EXTRA_COMPILER_FLAGS=-mcpu=cortex-a9 -mfpu=vfpv3 -mfloat-abi=hard -nostartfiles -g -Wall -Wextra"
Running Make libs in ps7_cortexa9_0/libsrc/dmaps_v2_3/src
make -C ps7_cortexa9_0/libsrc/dmaps_v2_3/src -s libs  "SHELL=/bin/sh" "COMPILER=arm-none-eabi-gcc" "ARCHIVER=arm-none-eabi-ar" "COMPILER_FLAGS=  -O2 -c" "EXTRA_COMPILER_FLAGS=-mcpu=cortex-a9 -mfpu=vfpv3 -mfloat-abi=hard -nostartfiles -g -Wall -Wextra"
Compiling dmaps
Running Make libs in ps7_cortexa9_0/libsrc/ddrps_v1_0/src
make -C ps7_cortexa9_0/libsrc/ddrps_v1_0/src -s libs  "SHELL=/bin/sh" "COMPILER=arm-none-eabi-gcc" "ARCHIVER=arm-none-eabi-ar" "COMPILER_FLAGS=  -O2 -c" "EXTRA_COMPILER_FLAGS=-mcpu=cortex-a9 -mfpu=vfpv3 -mfloat-abi=hard -nostartfiles -g -Wall -Wextra"
Compiling ddrps
Running Make libs in ps7_cortexa9_0/libsrc/qspips_v3_4/src
make -C ps7_cortexa9_0/libsrc/qspips_v3_4/src -s libs  "SHELL=/bin/sh" "COMPILER=arm-none-eabi-gcc" "ARCHIVER=arm-none-eabi-ar" "COMPILER_FLAGS=  -O2 -c" "EXTRA_COMPILER_FLAGS=-mcpu=cortex-a9 -mfpu=vfpv3 -mfloat-abi=hard -nostartfiles -g -Wall -Wextra"
Compiling qspips
Running Make libs in ps7_cortexa9_0/libsrc/standalone_v6_7/src
make -C ps7_cortexa9_0/libsrc/standalone_v6_7/src -s libs  "SHELL=/bin/sh" "COMPILER=arm-none-eabi-gcc" "ARCHIVER=arm-none-eabi-ar" "COMPILER_FLAGS=  -O2 -c" "EXTRA_COMPILER_FLAGS=-mcpu=cortex-a9 -mfpu=vfpv3 -mfloat-abi=hard -nostartfiles -g -Wall -Wextra"
Compiling standalone
In file included from xtime_l.c:53:0:
xtime_l.h:89:9: note: #pragma message: For the sleep routines, Global timer is being used
 #pragma message ("For the sleep routines, Global timer is being used")
         ^~~~~~~
In file included from xil_sleeptimer.c:55:0:
xtime_l.h:89:9: note: #pragma message: For the sleep routines, Global timer is being used
 #pragma message ("For the sleep routines, Global timer is being used")
         ^~~~~~~
In file included from sleep.c:57:0:
xtime_l.h:89:9: note: #pragma message: For the sleep routines, Global timer is being used
 #pragma message ("For the sleep routines, Global timer is being used")
         ^~~~~~~
In file included from usleep.c:60:0:
xtime_l.h:89:9: note: #pragma message: For the sleep routines, Global timer is being used
 #pragma message ("For the sleep routines, Global timer is being used")
         ^~~~~~~
Running Make libs in ps7_cortexa9_0/libsrc/gpiops_v3_3/src
make -C ps7_cortexa9_0/libsrc/gpiops_v3_3/src -s libs  "SHELL=/bin/sh" "COMPILER=arm-none-eabi-gcc" "ARCHIVER=arm-none-eabi-ar" "COMPILER_FLAGS=  -O2 -c" "EXTRA_COMPILER_FLAGS=-mcpu=cortex-a9 -mfpu=vfpv3 -mfloat-abi=hard -nostartfiles -g -Wall -Wextra"
Compiling gpiops
Running Make libs in ps7_cortexa9_0/libsrc/scugic_v3_9/src
make -C ps7_cortexa9_0/libsrc/scugic_v3_9/src -s libs  "SHELL=/bin/sh" "COMPILER=arm-none-eabi-gcc" "ARCHIVER=arm-none-eabi-ar" "COMPILER_FLAGS=  -O2 -c" "EXTRA_COMPILER_FLAGS=-mcpu=cortex-a9 -mfpu=vfpv3 -mfloat-abi=hard -nostartfiles -g -Wall -Wextra"
Compiling scugic
Running Make libs in ps7_cortexa9_0/libsrc/uartps_v3_6/src
make -C ps7_cortexa9_0/libsrc/uartps_v3_6/src -s libs  "SHELL=/bin/sh" "COMPILER=arm-none-eabi-gcc" "ARCHIVER=arm-none-eabi-ar" "COMPILER_FLAGS=  -O2 -c" "EXTRA_COMPILER_FLAGS=-mcpu=cortex-a9 -mfpu=vfpv3 -mfloat-abi=hard -nostartfiles -g -Wall -Wextra"
Compiling uartps
Running Make libs in ps7_cortexa9_0/libsrc/xadcps_v2_2/src
make -C ps7_cortexa9_0/libsrc/xadcps_v2_2/src -s libs  "SHELL=/bin/sh" "COMPILER=arm-none-eabi-gcc" "ARCHIVER=arm-none-eabi-ar" "COMPILER_FLAGS=  -O2 -c" "EXTRA_COMPILER_FLAGS=-mcpu=cortex-a9 -mfpu=vfpv3 -mfloat-abi=hard -nostartfiles -g -Wall -Wextra"
Compiling xadcps
Running Make libs in ps7_cortexa9_0/libsrc/devcfg_v3_5/src
make -C ps7_cortexa9_0/libsrc/devcfg_v3_5/src -s libs  "SHELL=/bin/sh" "COMPILER=arm-none-eabi-gcc" "ARCHIVER=arm-none-eabi-ar" "COMPILER_FLAGS=  -O2 -c" "EXTRA_COMPILER_FLAGS=-mcpu=cortex-a9 -mfpu=vfpv3 -mfloat-abi=hard -nostartfiles -g -Wall -Wextra"
Compiling devcfg
Running Make libs in ps7_cortexa9_0/libsrc/scuwdt_v2_1/src
make -C ps7_cortexa9_0/libsrc/scuwdt_v2_1/src -s libs  "SHELL=/bin/sh" "COMPILER=arm-none-eabi-gcc" "ARCHIVER=arm-none-eabi-ar" "COMPILER_FLAGS=  -O2 -c" "EXTRA_COMPILER_FLAGS=-mcpu=cortex-a9 -mfpu=vfpv3 -mfloat-abi=hard -nostartfiles -g -Wall -Wextra"
Compiling scuwdt
Running Make libs in ps7_cortexa9_0/libsrc/cpu_cortexa9_v2_6/src
make -C ps7_cortexa9_0/libsrc/cpu_cortexa9_v2_6/src -s libs  "SHELL=/bin/sh" "COMPILER=arm-none-eabi-gcc" "ARCHIVER=arm-none-eabi-ar" "COMPILER_FLAGS=  -O2 -c" "EXTRA_COMPILER_FLAGS=-mcpu=cortex-a9 -mfpu=vfpv3 -mfloat-abi=hard -nostartfiles -g -Wall -Wextra"
Compiling cpu_cortexa9
Running Make libs in ps7_cortexa9_0/libsrc/coresightps_dcc_v1_4/src
make -C ps7_cortexa9_0/libsrc/coresightps_dcc_v1_4/src -s libs  "SHELL=/bin/sh" "COMPILER=arm-none-eabi-gcc" "ARCHIVER=arm-none-eabi-ar" "COMPILER_FLAGS=  -O2 -c" "EXTRA_COMPILER_FLAGS=-mcpu=cortex-a9 -mfpu=vfpv3 -mfloat-abi=hard -nostartfiles -g -Wall -Wextra"
Compiling coresightps_dcc
Running Make libs in ps7_cortexa9_0/libsrc/cont_ip_v1_0/src
make -C ps7_cortexa9_0/libsrc/cont_ip_v1_0/src -s libs  "SHELL=/bin/sh" "COMPILER=arm-none-eabi-gcc" "ARCHIVER=arm-none-eabi-ar" "COMPILER_FLAGS=  -O2 -c" "EXTRA_COMPILER_FLAGS=-mcpu=cortex-a9 -mfpu=vfpv3 -mfloat-abi=hard -nostartfiles -g -Wall -Wextra"
Compiling cont_ip...
cont_ip_selftest.c: In function 'CONT_IP_Reg_SelfTest':
cont_ip_selftest.c:52:56: warning: comparison between signed and unsigned integer expressions [-Wsign-compare]
    if ( CONT_IP_mReadReg (baseaddr, read_loop_index*4) != (read_loop_index+1)*READ_WRITE_MUL_FACTOR){
                                                        ^~
cont_ip_selftest.c:36:6: warning: unused variable 'Index' [-Wunused-variable]
  int Index;
      ^~~~~
Running Make libs in ps7_cortexa9_0/libsrc/scutimer_v2_1/src
make -C ps7_cortexa9_0/libsrc/scutimer_v2_1/src -s libs  "SHELL=/bin/sh" "COMPILER=arm-none-eabi-gcc" "ARCHIVER=arm-none-eabi-ar" "COMPILER_FLAGS=  -O2 -c" "EXTRA_COMPILER_FLAGS=-mcpu=cortex-a9 -mfpu=vfpv3 -mfloat-abi=hard -nostartfiles -g -Wall -Wextra"
Compiling scutimer
Finished building libraries

**** Build of configuration Debug for project cont_ad ****

Nothing to build for project cont_ad
21:07:24 **** Auto Build of configuration Debug for project cont_ad ****
make pre-build main-build 
a9-linaro-pre-build-step
 
Building file: ../src/contador_ad.c
Invoking: ARM v7 gcc compiler
arm-none-eabi-gcc -Wall -O0 -g3 -c -fmessage-length=0 -MT"src/contador_ad.o" -mcpu=cortex-a9 -mfpu=vfpv3 -mfloat-abi=hard -I../../cont_ad_bsp/ps7_cortexa9_0/include -MMD -MP -MF"src/contador_ad.d" -MT"src/contador_ad.o" -o "src/contador_ad.o" "../src/contador_ad.c"
../src/contador_ad.c: In function 'main':
../src/contador_ad.c:15:5: warning: implicit declaration of function 'SUM_IP_mWriteReg'; did you mean 'CONT_IP_mWriteReg'? [-Wimplicit-function-declaration]
     SUM_IP_mWriteReg(XPAR_SUM_IP_S_AXI_BASEADDR, SUM_IP_S_AXI_SLV_REG0_OFFSET, opA);
     ^~~~~~~~~~~~~~~~
     CONT_IP_mWriteReg
../src/contador_ad.c:15:22: error: 'XPAR_SUM_IP_S_AXI_BASEADDR' undeclared (first use in this function); did you mean 'XPAR_CONT_IP_0_S_AXI_BASEADDR'?
     SUM_IP_mWriteReg(XPAR_SUM_IP_S_AXI_BASEADDR, SUM_IP_S_AXI_SLV_REG0_OFFSET, opA);
                      ^~~~~~~~~~~~~~~~~~~~~~~~~~
                      XPAR_CONT_IP_0_S_AXI_BASEADDR
../src/contador_ad.c:15:22: note: each undeclared identifier is reported only once for each function it appears in
../src/contador_ad.c:15:50: error: 'SUM_IP_S_AXI_SLV_REG0_OFFSET' undeclared (first use in this function); did you mean 'CONT_IP_S_AXI_SLV_REG0_OFFSET'?
     SUM_IP_mWriteReg(XPAR_SUM_IP_S_AXI_BASEADDR, SUM_IP_S_AXI_SLV_REG0_OFFSET, opA);
                                                  ^~~~~~~~~~~~~~~~~~~~~~~~~~~~
                                                  CONT_IP_S_AXI_SLV_REG0_OFFSET
../src/contador_ad.c:15:80: error: 'opA' undeclared (first use in this function)
     SUM_IP_mWriteReg(XPAR_SUM_IP_S_AXI_BASEADDR, SUM_IP_S_AXI_SLV_REG0_OFFSET, opA);
                                                                                ^~~
../src/contador_ad.c:16:50: error: 'SUM_IP_S_AXI_SLV_REG1_OFFSET' undeclared (first use in this function); did you mean 'SUM_IP_S_AXI_SLV_REG0_OFFSET'?
     SUM_IP_mWriteReg(XPAR_SUM_IP_S_AXI_BASEADDR, SUM_IP_S_AXI_SLV_REG1_OFFSET, opB);
                                                  ^~~~~~~~~~~~~~~~~~~~~~~~~~~~
                                                  SUM_IP_S_AXI_SLV_REG0_OFFSET
../src/contador_ad.c:16:80: error: 'opB' undeclared (first use in this function); did you mean 'opA'?
     SUM_IP_mWriteReg(XPAR_SUM_IP_S_AXI_BASEADDR, SUM_IP_S_AXI_SLV_REG1_OFFSET, opB);
                                                                                ^~~
                                                                                opA
../src/contador_ad.c:17:5: error: 'res' undeclared (first use in this function)
     res = SUM_IP_mReadReg(XPAR_SUM_IP_S_AXI_BASEADDR, SUM_IP_S_AXI_SLV_REG2_OFFSET);
     ^~~
../src/contador_ad.c:17:11: warning: implicit declaration of function 'SUM_IP_mReadReg'; did you mean 'CONT_IP_mReadReg'? [-Wimplicit-function-declaration]
     res = SUM_IP_mReadReg(XPAR_SUM_IP_S_AXI_BASEADDR, SUM_IP_S_AXI_SLV_REG2_OFFSET);
           ^~~~~~~~~~~~~~~
           CONT_IP_mReadReg
../src/contador_ad.c:17:55: error: 'SUM_IP_S_AXI_SLV_REG2_OFFSET' undeclared (first use in this function); did you mean 'SUM_IP_S_AXI_SLV_REG1_OFFSET'?
     res = SUM_IP_mReadReg(XPAR_SUM_IP_S_AXI_BASEADDR, SUM_IP_S_AXI_SLV_REG2_OFFSET);
                                                       ^~~~~~~~~~~~~~~~~~~~~~~~~~~~
                                                       SUM_IP_S_AXI_SLV_REG1_OFFSET
../src/contador_ad.c:11:6: warning: unused variable 'comando' [-Wunused-variable]
  int comando;
      ^~~~~~~
../src/contador_ad.c:10:6: warning: unused variable 'cuenta' [-Wunused-variable]
src/subdir.mk:21: fallo en las instrucciones para el objetivo 'src/contador_ad.o'
  int cuenta;
      ^~~~~~
make: *** [src/contador_ad.o] Error 1
21:08:13 **** Auto Build of configuration Debug for project cont_ad ****
make pre-build main-build 
a9-linaro-pre-build-step
 
Building file: ../src/contador_ad.c
Invoking: ARM v7 gcc compiler
arm-none-eabi-gcc -Wall -O0 -g3 -c -fmessage-length=0 -MT"src/contador_ad.o" -mcpu=cortex-a9 -mfpu=vfpv3 -mfloat-abi=hard -I../../cont_ad_bsp/ps7_cortexa9_0/include -MMD -MP -MF"src/contador_ad.d" -MT"src/contador_ad.o" -o "src/contador_ad.o" "../src/contador_ad.c"
Finished building: ../src/contador_ad.c
 
Building target: cont_ad.elf
Invoking: ARM v7 gcc linker
arm-none-eabi-gcc -mcpu=cortex-a9 -mfpu=vfpv3 -mfloat-abi=hard -Wl,-build-id=none -specs=Xilinx.spec -Wl,-T -Wl,../src/lscript.ld -L../../cont_ad_bsp/ps7_cortexa9_0/lib -o "cont_ad.elf"  ./src/contador_ad.o   -Wl,--start-group,-lxil,-lgcc,-lc,--end-group
Finished building target: cont_ad.elf
 
Invoking: ARM v7 Print Size
arm-none-eabi-size cont_ad.elf  |tee "cont_ad.elf.size"
   text	   data	    bss	    dec	    hex	filename
  19016	   1144	  22568	  42728	   a6e8	cont_ad.elf
Finished building: cont_ad.elf.size
 
21:09:37 **** Auto Build of configuration Debug for project cont_ad ****
make pre-build main-build 
a9-linaro-pre-build-step
 
Building file: ../src/contador_ad.c
Invoking: ARM v7 gcc compiler
arm-none-eabi-gcc -Wall -O0 -g3 -c -fmessage-length=0 -MT"src/contador_ad.o" -mcpu=cortex-a9 -mfpu=vfpv3 -mfloat-abi=hard -I../../cont_ad_bsp/ps7_cortexa9_0/include -MMD -MP -MF"src/contador_ad.d" -MT"src/contador_ad.o" -o "src/contador_ad.o" "../src/contador_ad.c"
../src/contador_ad.c:12:10: fatal error: platform.h: No such file or directory
 #include "platform.h"
          ^~~~~~~~~~~~
compilation terminated.
src/subdir.mk:21: fallo en las instrucciones para el objetivo 'src/contador_ad.o'
make: *** [src/contador_ad.o] Error 1
21:10:23 **** Auto Build of configuration Debug for project cont_ad ****
make pre-build main-build 
a9-linaro-pre-build-step
 
Building file: ../src/contador_ad.c
Invoking: ARM v7 gcc compiler
arm-none-eabi-gcc -Wall -O0 -g3 -c -fmessage-length=0 -MT"src/contador_ad.o" -mcpu=cortex-a9 -mfpu=vfpv3 -mfloat-abi=hard -I../../cont_ad_bsp/ps7_cortexa9_0/include -MMD -MP -MF"src/contador_ad.d" -MT"src/contador_ad.o" -o "src/contador_ad.o" "../src/contador_ad.c"
../src/contador_ad.c:13:10: fatal error: memory_config.h: No such file or directory
 #include "memory_config.h"
          ^~~~~~~~~~~~~~~~~
compilation terminated.
src/subdir.mk:21: fallo en las instrucciones para el objetivo 'src/contador_ad.o'
make: *** [src/contador_ad.o] Error 1
21:10:36 **** Auto Build of configuration Debug for project cont_ad ****
make pre-build main-build 
a9-linaro-pre-build-step
 
Building file: ../src/contador_ad.c
Invoking: ARM v7 gcc compiler
arm-none-eabi-gcc -Wall -O0 -g3 -c -fmessage-length=0 -MT"src/contador_ad.o" -mcpu=cortex-a9 -mfpu=vfpv3 -mfloat-abi=hard -I../../cont_ad_bsp/ps7_cortexa9_0/include -MMD -MP -MF"src/contador_ad.d" -MT"src/contador_ad.o" -o "src/contador_ad.o" "../src/contador_ad.c"
../src/contador_ad.c: In function 'main':
../src/contador_ad.c:24:34: error: 'UART_DEVICE_ID' undeclared (first use in this function); did you mean 'XST_DEVICE_BUSY'?
    Config = XUartPs_LookupConfig(UART_DEVICE_ID);
                                  ^~~~~~~~~~~~~~
                                  XST_DEVICE_BUSY
../src/contador_ad.c:24:34: note: each undeclared identifier is reported only once for each function it appears in
../src/contador_ad.c:28:5: warning: implicit declaration of function 'init_platform' [-Wimplicit-function-declaration]
     init_platform();
     ^~~~~~~~~~~~~
../src/contador_ad.c:30:13: warning: unused variable 'C' [-Wunused-variable]
     int A,B,C;
             ^
../src/contador_ad.c:30:11: warning: unused variable 'B' [-Wunused-variable]
     int A,B,C;
           ^
../src/contador_ad.c:26:13: warning: unused variable 'Uart_Ps' [-Wunused-variable]
     XUartPs Uart_Ps;
             ^~~~~~~
../src/contador_ad.c:21:9: warning: unused variable 'a' [-Wunused-variable]
     int a;
         ^
../src/contador_ad.c:20:9: warning: unused variable 'i' [-Wunused-variable]
     int i;
         ^
src/subdir.mk:21: fallo en las instrucciones para el objetivo 'src/contador_ad.o'
make: *** [src/contador_ad.o] Error 1
21:13:21 **** Auto Build of configuration Debug for project cont_ad ****
make pre-build main-build 
a9-linaro-pre-build-step
 
Building file: ../src/contador_ad.c
Invoking: ARM v7 gcc compiler
arm-none-eabi-gcc -Wall -O0 -g3 -c -fmessage-length=0 -MT"src/contador_ad.o" -mcpu=cortex-a9 -mfpu=vfpv3 -mfloat-abi=hard -I../../cont_ad_bsp/ps7_cortexa9_0/include -MMD -MP -MF"src/contador_ad.d" -MT"src/contador_ad.o" -o "src/contador_ad.o" "../src/contador_ad.c"
../src/contador_ad.c:13:10: fatal error: platform.h: No such file or directory
 #include "platform.h"
          ^~~~~~~~~~~~
src/subdir.mk:21: fallo en las instrucciones para el objetivo 'src/contador_ad.o'
compilation terminated.
make: *** [src/contador_ad.o] Error 1
21:14:12 **** Auto Build of configuration Debug for project cont_ad ****
make pre-build main-build 
a9-linaro-pre-build-step
 
Building file: ../src/contador_ad.c
Invoking: ARM v7 gcc compiler
arm-none-eabi-gcc -Wall -O0 -g3 -c -fmessage-length=0 -MT"src/contador_ad.o" -mcpu=cortex-a9 -mfpu=vfpv3 -mfloat-abi=hard -I../../cont_ad_bsp/ps7_cortexa9_0/include -MMD -MP -MF"src/contador_ad.d" -MT"src/contador_ad.o" -o "src/contador_ad.o" "../src/contador_ad.c"
../src/contador_ad.c: In function 'main':
../src/contador_ad.c:25:34: error: 'UART_DEVICE_ID' undeclared (first use in this function); did you mean 'XST_DEVICE_BUSY'?
    Config = XUartPs_LookupConfig(UART_DEVICE_ID);
                                  ^~~~~~~~~~~~~~
                                  XST_DEVICE_BUSY
../src/contador_ad.c:25:34: note: each undeclared identifier is reported only once for each function it appears in
../src/contador_ad.c:29:5: warning: implicit declaration of function 'init_platform' [-Wimplicit-function-declaration]
     init_platform();
     ^~~~~~~~~~~~~
../src/contador_ad.c:31:13: warning: unused variable 'C' [-Wunused-variable]
     int A,B,C;
             ^
../src/contador_ad.c:31:11: warning: unused variable 'B' [-Wunused-variable]
     int A,B,C;
           ^
../src/contador_ad.c:27:13: warning: unused variable 'Uart_Ps' [-Wunused-variable]
     XUartPs Uart_Ps;
             ^~~~~~~
../src/contador_ad.c:22:9: warning: unused variable 'a' [-Wunused-variable]
src/subdir.mk:21: fallo en las instrucciones para el objetivo 'src/contador_ad.o'
     int a;
         ^
../src/contador_ad.c:21:9: warning: unused variable 'i' [-Wunused-variable]
     int i;
         ^
make: *** [src/contador_ad.o] Error 1
21:14:32 **** Auto Build of configuration Debug for project cont_ad ****
make pre-build main-build 
a9-linaro-pre-build-step
 
Building file: ../src/contador_ad.c
Invoking: ARM v7 gcc compiler
arm-none-eabi-gcc -Wall -O0 -g3 -c -fmessage-length=0 -MT"src/contador_ad.o" -mcpu=cortex-a9 -mfpu=vfpv3 -mfloat-abi=hard -I../../cont_ad_bsp/ps7_cortexa9_0/include -MMD -MP -MF"src/contador_ad.d" -MT"src/contador_ad.o" -o "src/contador_ad.o" "../src/contador_ad.c"
../src/contador_ad.c:13:10: fatal error: platform.h: No such file or directory
 #include "platform.h"
          ^~~~~~~~~~~~
compilation terminated.
src/subdir.mk:21: fallo en las instrucciones para el objetivo 'src/contador_ad.o'
make: *** [src/contador_ad.o] Error 1
21:16:52 **** Build of configuration Debug for project cont_ad_bsp_xuartps_hello_world_example_1 ****
make pre-build main-build 
a9-linaro-pre-build-step
 
Building file: ../src/xuartps_hello_world_example.c
Invoking: ARM v7 gcc compiler
arm-none-eabi-gcc -Wall -O0 -g3 -c -fmessage-length=0 -MT"src/xuartps_hello_world_example.o" -mcpu=cortex-a9 -mfpu=vfpv3 -mfloat-abi=hard -I../../cont_ad_bsp/ps7_cortexa9_0/include -MMD -MP -MF"src/xuartps_hello_world_example.d" -MT"src/xuartps_hello_world_example.o" -o "src/xuartps_hello_world_example.o" "../src/xuartps_hello_world_example.c"
Finished building: ../src/xuartps_hello_world_example.c
 
Building target: cont_ad_bsp_xuartps_hello_world_example_1.elf
Invoking: ARM v7 gcc linker
arm-none-eabi-gcc -mcpu=cortex-a9 -mfpu=vfpv3 -mfloat-abi=hard -Wl,-build-id=none -specs=Xilinx.spec -Wl,-T -Wl,../src/lscript.ld -L../../cont_ad_bsp/ps7_cortexa9_0/lib -o "cont_ad_bsp_xuartps_hello_world_example_1.elf"  ./src/xuartps_hello_world_example.o   -Wl,--start-group,-lxil,-lgcc,-lc,--end-group
Finished building target: cont_ad_bsp_xuartps_hello_world_example_1.elf
 
Invoking: ARM v7 Print Size
arm-none-eabi-size cont_ad_bsp_xuartps_hello_world_example_1.elf  |tee "cont_ad_bsp_xuartps_hello_world_example_1.elf.size"
   text	   data	    bss	    dec	    hex	filename
  23940	   1168	  22648	  47756	   ba8c	cont_ad_bsp_xuartps_hello_world_example_1.elf
Finished building: cont_ad_bsp_xuartps_hello_world_example_1.elf.size
 
21:16:54 **** Auto Build of configuration Debug for project cont_ad_bsp_xuartps_hello_world_example_1 ****
make pre-build main-build 
a9-linaro-pre-build-step
 
make: No se hace nada para 'main-build'.
21:16:55 **** Build of configuration Debug for project cont_ad_bsp_xuartps_intr_example_1 ****
make pre-build main-build 
a9-linaro-pre-build-step
 
Building file: ../src/xuartps_intr_example.c
Invoking: ARM v7 gcc compiler
arm-none-eabi-gcc -Wall -O0 -g3 -c -fmessage-length=0 -MT"src/xuartps_intr_example.o" -mcpu=cortex-a9 -mfpu=vfpv3 -mfloat-abi=hard -I../../cont_ad_bsp/ps7_cortexa9_0/include -MMD -MP -MF"src/xuartps_intr_example.d" -MT"src/xuartps_intr_example.o" -o "src/xuartps_intr_example.o" "../src/xuartps_intr_example.c"
Finished building: ../src/xuartps_intr_example.c
 
Building target: cont_ad_bsp_xuartps_intr_example_1.elf
Invoking: ARM v7 gcc linker
arm-none-eabi-gcc -mcpu=cortex-a9 -mfpu=vfpv3 -mfloat-abi=hard -Wl,-build-id=none -specs=Xilinx.spec -Wl,-T -Wl,../src/lscript.ld -L../../cont_ad_bsp/ps7_cortexa9_0/lib -o "cont_ad_bsp_xuartps_intr_example_1.elf"  ./src/xuartps_intr_example.o   -Wl,--start-group,-lxil,-lgcc,-lc,--end-group
Finished building target: cont_ad_bsp_xuartps_intr_example_1.elf
 
Invoking: ARM v7 Print Size
arm-none-eabi-size cont_ad_bsp_xuartps_intr_example_1.elf  |tee "cont_ad_bsp_xuartps_intr_example_1.elf.size"
   text	   data	    bss	    dec	    hex	filename
  31632	   2768	  22904	  57304	   dfd8	cont_ad_bsp_xuartps_intr_example_1.elf
Finished building: cont_ad_bsp_xuartps_intr_example_1.elf.size
 
21:16:57 **** Auto Build of configuration Debug for project cont_ad_bsp_xuartps_intr_example_1 ****
make pre-build main-build 
a9-linaro-pre-build-step
 
make: No se hace nada para 'main-build'.
21:16:58 **** Build of configuration Debug for project cont_ad_bsp_xuartps_low_echo_example_1 ****
make pre-build main-build 
a9-linaro-pre-build-step
 
Building file: ../src/xuartps_low_echo_example.c
Invoking: ARM v7 gcc compiler
arm-none-eabi-gcc -Wall -O0 -g3 -c -fmessage-length=0 -MT"src/xuartps_low_echo_example.o" -mcpu=cortex-a9 -mfpu=vfpv3 -mfloat-abi=hard -I../../cont_ad_bsp/ps7_cortexa9_0/include -MMD -MP -MF"src/xuartps_low_echo_example.d" -MT"src/xuartps_low_echo_example.o" -o "src/xuartps_low_echo_example.o" "../src/xuartps_low_echo_example.c"
Finished building: ../src/xuartps_low_echo_example.c
 
Building target: cont_ad_bsp_xuartps_low_echo_example_1.elf
Invoking: ARM v7 gcc linker
arm-none-eabi-gcc -mcpu=cortex-a9 -mfpu=vfpv3 -mfloat-abi=hard -Wl,-build-id=none -specs=Xilinx.spec -Wl,-T -Wl,../src/lscript.ld -L../../cont_ad_bsp/ps7_cortexa9_0/lib -o "cont_ad_bsp_xuartps_low_echo_example_1.elf"  ./src/xuartps_low_echo_example.o   -Wl,--start-group,-lxil,-lgcc,-lc,--end-group
Finished building target: cont_ad_bsp_xuartps_low_echo_example_1.elf
 
Invoking: ARM v7 Print Size
arm-none-eabi-size cont_ad_bsp_xuartps_low_echo_example_1.elf  |tee "cont_ad_bsp_xuartps_low_echo_example_1.elf.size"
   text	   data	    bss	    dec	    hex	filename
  22568	   1144	  22584	  46296	   b4d8	cont_ad_bsp_xuartps_low_echo_example_1.elf
Finished building: cont_ad_bsp_xuartps_low_echo_example_1.elf.size
 
21:16:59 **** Build of configuration Debug for project cont_ad_bsp_xuartps_polled_example_1 ****
make pre-build main-build 
a9-linaro-pre-build-step
 
Building file: ../src/xuartps_polled_example.c
Invoking: ARM v7 gcc compiler
arm-none-eabi-gcc -Wall -O0 -g3 -c -fmessage-length=0 -MT"src/xuartps_polled_example.o" -mcpu=cortex-a9 -mfpu=vfpv3 -mfloat-abi=hard -I../../cont_ad_bsp/ps7_cortexa9_0/include -MMD -MP -MF"src/xuartps_polled_example.d" -MT"src/xuartps_polled_example.o" -o "src/xuartps_polled_example.o" "../src/xuartps_polled_example.c"
Finished building: ../src/xuartps_polled_example.c
 
Building target: cont_ad_bsp_xuartps_polled_example_1.elf
Invoking: ARM v7 gcc linker
arm-none-eabi-gcc -mcpu=cortex-a9 -mfpu=vfpv3 -mfloat-abi=hard -Wl,-build-id=none -specs=Xilinx.spec -Wl,-T -Wl,../src/lscript.ld -L../../cont_ad_bsp/ps7_cortexa9_0/lib -o "cont_ad_bsp_xuartps_polled_example_1.elf"  ./src/xuartps_polled_example.o   -Wl,--start-group,-lxil,-lgcc,-lc,--end-group
Finished building target: cont_ad_bsp_xuartps_polled_example_1.elf
 
Invoking: ARM v7 Print Size
arm-none-eabi-size cont_ad_bsp_xuartps_polled_example_1.elf  |tee "cont_ad_bsp_xuartps_polled_example_1.elf.size"
   text	   data	    bss	    dec	    hex	filename
  27048	   1200	  22744	  50992	   c730	cont_ad_bsp_xuartps_polled_example_1.elf
Finished building: cont_ad_bsp_xuartps_polled_example_1.elf.size
 
21:17:00 **** Auto Build of configuration Debug for project cont_ad_bsp_xuartps_low_echo_example_1 ****
make pre-build main-build 
a9-linaro-pre-build-step
 
make: No se hace nada para 'main-build'.
21:17:01 **** Auto Build of configuration Debug for project cont_ad_bsp_xuartps_polled_example_1 ****
make pre-build main-build 
a9-linaro-pre-build-step
 
make: No se hace nada para 'main-build'.
21:17:01 **** Build of configuration Debug for project cont_ad_bsp_xuartps_selftest_example_1 ****
make pre-build main-build 
a9-linaro-pre-build-step
 
Building file: ../src/xuartps_selftest_example.c
Invoking: ARM v7 gcc compiler
arm-none-eabi-gcc -Wall -O0 -g3 -c -fmessage-length=0 -MT"src/xuartps_selftest_example.o" -mcpu=cortex-a9 -mfpu=vfpv3 -mfloat-abi=hard -I../../cont_ad_bsp/ps7_cortexa9_0/include -MMD -MP -MF"src/xuartps_selftest_example.d" -MT"src/xuartps_selftest_example.o" -o "src/xuartps_selftest_example.o" "../src/xuartps_selftest_example.c"
Finished building: ../src/xuartps_selftest_example.c
 
Building target: cont_ad_bsp_xuartps_selftest_example_1.elf
Invoking: ARM v7 gcc linker
arm-none-eabi-gcc -mcpu=cortex-a9 -mfpu=vfpv3 -mfloat-abi=hard -Wl,-build-id=none -specs=Xilinx.spec -Wl,-T -Wl,../src/lscript.ld -L../../cont_ad_bsp/ps7_cortexa9_0/lib -o "cont_ad_bsp_xuartps_selftest_example_1.elf"  ./src/xuartps_selftest_example.o   -Wl,--start-group,-lxil,-lgcc,-lc,--end-group
Finished building target: cont_ad_bsp_xuartps_selftest_example_1.elf
 
Invoking: ARM v7 Print Size
arm-none-eabi-size cont_ad_bsp_xuartps_selftest_example_1.elf  |tee "cont_ad_bsp_xuartps_selftest_example_1.elf.size"
   text	   data	    bss	    dec	    hex	filename
  24196	   1200	  22680	  48076	   bbcc	cont_ad_bsp_xuartps_selftest_example_1.elf
Finished building: cont_ad_bsp_xuartps_selftest_example_1.elf.size
 
21:17:03 **** Auto Build of configuration Debug for project cont_ad_bsp_xuartps_selftest_example_1 ****
make pre-build main-build 
a9-linaro-pre-build-step
 
make: No se hace nada para 'main-build'.
21:19:01 **** Auto Build of configuration Debug for project cont_ad ****
make pre-build main-build 
a9-linaro-pre-build-step
 
Building file: ../src/contador_ad.c
Invoking: ARM v7 gcc compiler
arm-none-eabi-gcc -Wall -O0 -g3 -c -fmessage-length=0 -MT"src/contador_ad.o" -mcpu=cortex-a9 -mfpu=vfpv3 -mfloat-abi=hard -I../../cont_ad_bsp/ps7_cortexa9_0/include -MMD -MP -MF"src/contador_ad.d" -MT"src/contador_ad.o" -o "src/contador_ad.o" "../src/contador_ad.c"
../src/contador_ad.c: In function 'main':
../src/contador_ad.c:15:34: error: 'UART_DEVICE_ID' undeclared (first use in this function); did you mean 'XST_DEVICE_BUSY'?
    Config = XUartPs_LookupConfig(UART_DEVICE_ID);
                                  ^~~~~~~~~~~~~~
                                  XST_DEVICE_BUSY
../src/contador_ad.c:15:34: note: each undeclared identifier is reported only once for each function it appears in
../src/contador_ad.c:19:5: warning: implicit declaration of function 'init_platform' [-Wimplicit-function-declaration]
     init_platform();
     ^~~~~~~~~~~~~
../src/contador_ad.c:26:5: warning: implicit declaration of function 'printf' [-Wimplicit-function-declaration]
     printf("\nCaracter recibido: %c\n\n", A );
     ^~~~~~
../src/contador_ad.c:26:5: warning: incompatible implicit declaration of built-in function 'printf'
../src/contador_ad.c:26:5: note: include '<stdio.h>' or provide a declaration of 'printf'
../src/contador_ad.c:21:13: warning: unused variable 'C' [-Wunused-variable]
src/subdir.mk:21: fallo en las instrucciones para el objetivo 'src/contador_ad.o'
     int A,B,C;
             ^
../src/contador_ad.c:21:11: warning: unused variable 'B' [-Wunused-variable]
     int A,B,C;
           ^
../src/contador_ad.c:17:13: warning: unused variable 'Uart_Ps' [-Wunused-variable]
     XUartPs Uart_Ps;
             ^~~~~~~
../src/contador_ad.c:12:9: warning: unused variable 'a' [-Wunused-variable]
     int a;
         ^
../src/contador_ad.c:11:9: warning: unused variable 'i' [-Wunused-variable]
     int i;
         ^
make: *** [src/contador_ad.o] Error 1
21:21:14 **** Auto Build of configuration Debug for project cont_ad ****
make pre-build main-build 
a9-linaro-pre-build-step
 
Building file: ../src/contador_ad.c
Invoking: ARM v7 gcc compiler
arm-none-eabi-gcc -Wall -O0 -g3 -c -fmessage-length=0 -MT"src/contador_ad.o" -mcpu=cortex-a9 -mfpu=vfpv3 -mfloat-abi=hard -I../../cont_ad_bsp/ps7_cortexa9_0/include -MMD -MP -MF"src/contador_ad.d" -MT"src/contador_ad.o" -o "src/contador_ad.o" "../src/contador_ad.c"
../src/contador_ad.c: In function 'main':
../src/contador_ad.c:23:5: warning: implicit declaration of function 'init_platform' [-Wimplicit-function-declaration]
     init_platform();
     ^~~~~~~~~~~~~
../src/contador_ad.c:30:5: warning: implicit declaration of function 'printf' [-Wimplicit-function-declaration]
     printf("\nCaracter recibido: %c\n\n", A );
     ^~~~~~
../src/contador_ad.c:30:5: warning: incompatible implicit declaration of built-in function 'printf'
../src/contador_ad.c:30:5: note: include '<stdio.h>' or provide a declaration of 'printf'
../src/contador_ad.c:25:13: warning: unused variable 'C' [-Wunused-variable]
     int A,B,C;
             ^
../src/contador_ad.c:25:11: warning: unused variable 'B' [-Wunused-variable]
     int A,B,C;
           ^
../src/contador_ad.c:21:13: warning: unused variable 'Uart_Ps' [-Wunused-variable]
     XUartPs Uart_Ps;
             ^~~~~~~
../src/contador_ad.c:16:9: warning: unused variable 'a' [-Wunused-variable]
     int a;
         ^
../src/contador_ad.c:15:9: warning: unused variable 'i' [-Wunused-variable]
     int i;
         ^
Finished building: ../src/contador_ad.c
 
Building target: cont_ad.elf
Invoking: ARM v7 gcc linker
arm-none-eabi-gcc -mcpu=cortex-a9 -mfpu=vfpv3 -mfloat-abi=hard -Wl,-build-id=none -specs=Xilinx.spec -Wl,-T -Wl,../src/lscript.ld -L../../cont_ad_bsp/ps7_cortexa9_0/lib -o "cont_ad.elf"  ./src/contador_ad.o   -Wl,--start-group,-lxil,-lgcc,-lc,--end-group
./src/contador_ad.o: En la función `main':
/home/nicolas/Documentos/FPGA_Practicas/contador_ip/contador_ad/contador_ad.sdk/cont_ad/Debug/../src/contador_ad.c:23: referencia a `init_platform' sin definir
collect2: error: ld returned 1 exit status
makefile:39: fallo en las instrucciones para el objetivo 'cont_ad.elf'
make: *** [cont_ad.elf] Error 1
21:27:35 **** Auto Build of configuration Debug for project cont_ad ****
make pre-build main-build 
a9-linaro-pre-build-step
 
Building file: ../src/contador_ad.c
Invoking: ARM v7 gcc compiler
arm-none-eabi-gcc -Wall -O0 -g3 -c -fmessage-length=0 -MT"src/contador_ad.o" -mcpu=cortex-a9 -mfpu=vfpv3 -mfloat-abi=hard -I../../cont_ad_bsp/ps7_cortexa9_0/include -MMD -MP -MF"src/contador_ad.d" -MT"src/contador_ad.o" -o "src/contador_ad.o" "../src/contador_ad.c"
../src/contador_ad.c: In function 'main':
../src/contador_ad.c:30:5: warning: implicit declaration of function 'printf' [-Wimplicit-function-declaration]
     printf("\nCaracter recibido: %c\n\n", A );
     ^~~~~~
../src/contador_ad.c:30:5: warning: incompatible implicit declaration of built-in function 'printf'
../src/contador_ad.c:30:5: note: include '<stdio.h>' or provide a declaration of 'printf'
../src/contador_ad.c:25:13: warning: unused variable 'C' [-Wunused-variable]
     int A,B,C;
             ^
../src/contador_ad.c:25:11: warning: unused variable 'B' [-Wunused-variable]
     int A,B,C;
           ^
../src/contador_ad.c:21:13: warning: unused variable 'Uart_Ps' [-Wunused-variable]
     XUartPs Uart_Ps;
             ^~~~~~~
../src/contador_ad.c:16:9: warning: unused variable 'a' [-Wunused-variable]
     int a;
         ^
../src/contador_ad.c:15:9: warning: unused variable 'i' [-Wunused-variable]
     int i;
         ^
Finished building: ../src/contador_ad.c
 
Building target: cont_ad.elf
Invoking: ARM v7 gcc linker
arm-none-eabi-gcc -mcpu=cortex-a9 -mfpu=vfpv3 -mfloat-abi=hard -Wl,-build-id=none -specs=Xilinx.spec -Wl,-T -Wl,../src/lscript.ld -L../../cont_ad_bsp/ps7_cortexa9_0/lib -o "cont_ad.elf"  ./src/contador_ad.o   -Wl,--start-group,-lxil,-lgcc,-lc,--end-group
Finished building target: cont_ad.elf
 
Invoking: ARM v7 Print Size
arm-none-eabi-size cont_ad.elf  |tee "cont_ad.elf.size"
   text	   data	    bss	    dec	    hex	filename
  72068	   2592	  23408	  98068	  17f14	cont_ad.elf
Finished building: cont_ad.elf.size
 
21:32:25 **** Incremental Build of configuration Debug for project cont_ad ****
make pre-build main-build 
a9-linaro-pre-build-step
 
make: No se hace nada para 'main-build'.
21:32:27 **** Auto Build of configuration Debug for project cont_ad ****
make pre-build main-build 
a9-linaro-pre-build-step
 
make: No se hace nada para 'main-build'.
23:10:53 **** Auto Build of configuration Debug for project cont_ad ****
make pre-build main-build 
a9-linaro-pre-build-step
 
Building file: ../src/contador_ad.c
Invoking: ARM v7 gcc compiler
arm-none-eabi-gcc -Wall -O0 -g3 -c -fmessage-length=0 -MT"src/contador_ad.o" -mcpu=cortex-a9 -mfpu=vfpv3 -mfloat-abi=hard -I../../cont_ad_bsp/ps7_cortexa9_0/include -MMD -MP -MF"src/contador_ad.d" -MT"src/contador_ad.o" -o "src/contador_ad.o" "../src/contador_ad.c"
In file included from ../src/contador_ad.c:5:0:
../src/contador_ad.c: In function 'main':
../src/contador_ad.c:38:23: error: 'XPAR_SUM_IP_S_AXI_BASEADDR' undeclared (first use in this function); did you mean 'XPAR_CONT_IP_0_S_AXI_BASEADDR'?
     CONT_IP_mWriteReg(XPAR_SUM_IP_S_AXI_BASEADDR, SUM_IP_S_AXI_SLV_REG0_OFFSET, char_i);
                       ^
../../cont_ad_bsp/ps7_cortexa9_0/include/cont_ip.h:35:15: note: in definition of macro 'CONT_IP_mWriteReg'
    Xil_Out32((BaseAddress) + (RegOffset), (u32)(Data))
               ^~~~~~~~~~~
../src/contador_ad.c:38:23: note: each undeclared identifier is reported only once for each function it appears in
     CONT_IP_mWriteReg(XPAR_SUM_IP_S_AXI_BASEADDR, SUM_IP_S_AXI_SLV_REG0_OFFSET, char_i);
                       ^
../../cont_ad_bsp/ps7_cortexa9_0/include/cont_ip.h:35:15: note: in definition of macro 'CONT_IP_mWriteReg'
    Xil_Out32((BaseAddress) + (RegOffset), (u32)(Data))
               ^~~~~~~~~~~
../src/contador_ad.c:38:51: error: 'SUM_IP_S_AXI_SLV_REG0_OFFSET' undeclared (first use in this function); did you mean 'CONT_IP_S_AXI_SLV_REG0_OFFSET'?
     CONT_IP_mWriteReg(XPAR_SUM_IP_S_AXI_BASEADDR, SUM_IP_S_AXI_SLV_REG0_OFFSET, char_i);
                                                   ^
../../cont_ad_bsp/ps7_cortexa9_0/include/cont_ip.h:35:31: note: in definition of macro 'CONT_IP_mWriteReg'
src/subdir.mk:21: fallo en las instrucciones para el objetivo 'src/contador_ad.o'
    Xil_Out32((BaseAddress) + (RegOffset), (u32)(Data))
                               ^~~~~~~~~
../src/contador_ad.c:39:58: error: 'SUM_IP_S_AXI_SLV_REG1_OFFSET' undeclared (first use in this function); did you mean 'SUM_IP_S_AXI_SLV_REG0_OFFSET'?
     res_o = CONT_IP_mReadReg(XPAR_SUM_IP_S_AXI_BASEADDR, SUM_IP_S_AXI_SLV_REG1_OFFSET);
                                                          ^
../../cont_ad_bsp/ps7_cortexa9_0/include/cont_ip.h:55:31: note: in definition of macro 'CONT_IP_mReadReg'
     Xil_In32((BaseAddress) + (RegOffset))
                               ^~~~~~~~~
../src/contador_ad.c:43:5: warning: implicit declaration of function 'printf' [-Wimplicit-function-declaration]
     printf("\nContador: %c\n\n", res_o);
     ^~~~~~
../src/contador_ad.c:43:5: warning: incompatible implicit declaration of built-in function 'printf'
../src/contador_ad.c:43:5: note: include '<stdio.h>' or provide a declaration of 'printf'
../src/contador_ad.c:19:13: warning: unused variable 'Uart_Ps' [-Wunused-variable]
     XUartPs Uart_Ps;
             ^~~~~~~
make: *** [src/contador_ad.o] Error 1
23:12:03 **** Auto Build of configuration Debug for project cont_ad ****
make pre-build main-build 
a9-linaro-pre-build-step
 
Building file: ../src/contador_ad.c
Invoking: ARM v7 gcc compiler
arm-none-eabi-gcc -Wall -O0 -g3 -c -fmessage-length=0 -MT"src/contador_ad.o" -mcpu=cortex-a9 -mfpu=vfpv3 -mfloat-abi=hard -I../../cont_ad_bsp/ps7_cortexa9_0/include -MMD -MP -MF"src/contador_ad.d" -MT"src/contador_ad.o" -o "src/contador_ad.o" "../src/contador_ad.c"
In file included from ../src/contador_ad.c:5:0:
../src/contador_ad.c: In function 'main':
../src/contador_ad.c:38:23: error: 'XPAR_CONT_IP_S_AXI_BASEADDR' undeclared (first use in this function); did you mean 'XPAR_CONT_IP_0_S_AXI_BASEADDR'?
     CONT_IP_mWriteReg(XPAR_CONT_IP_S_AXI_BASEADDR, CONT_IP_S_AXI_SLV_REG0_OFFSET, char_i);
                       ^
../../cont_ad_bsp/ps7_cortexa9_0/include/cont_ip.h:35:15: note: in definition of macro 'CONT_IP_mWriteReg'
    Xil_Out32((BaseAddress) + (RegOffset), (u32)(Data))
src/subdir.mk:21: fallo en las instrucciones para el objetivo 'src/contador_ad.o'
               ^~~~~~~~~~~
../src/contador_ad.c:38:23: note: each undeclared identifier is reported only once for each function it appears in
     CONT_IP_mWriteReg(XPAR_CONT_IP_S_AXI_BASEADDR, CONT_IP_S_AXI_SLV_REG0_OFFSET, char_i);
                       ^
../../cont_ad_bsp/ps7_cortexa9_0/include/cont_ip.h:35:15: note: in definition of macro 'CONT_IP_mWriteReg'
    Xil_Out32((BaseAddress) + (RegOffset), (u32)(Data))
               ^~~~~~~~~~~
../src/contador_ad.c:43:5: warning: implicit declaration of function 'printf' [-Wimplicit-function-declaration]
     printf("\nContador: %c\n\n", res_o);
     ^~~~~~
../src/contador_ad.c:43:5: warning: incompatible implicit declaration of built-in function 'printf'
../src/contador_ad.c:43:5: note: include '<stdio.h>' or provide a declaration of 'printf'
../src/contador_ad.c:19:13: warning: unused variable 'Uart_Ps' [-Wunused-variable]
     XUartPs Uart_Ps;
             ^~~~~~~
make: *** [src/contador_ad.o] Error 1
23:15:15 **** Auto Build of configuration Debug for project cont_ad ****
make pre-build main-build 
a9-linaro-pre-build-step
 
Building file: ../src/contador_ad.c
Invoking: ARM v7 gcc compiler
arm-none-eabi-gcc -Wall -O0 -g3 -c -fmessage-length=0 -MT"src/contador_ad.o" -mcpu=cortex-a9 -mfpu=vfpv3 -mfloat-abi=hard -I../../cont_ad_bsp/ps7_cortexa9_0/include -MMD -MP -MF"src/contador_ad.d" -MT"src/contador_ad.o" -o "src/contador_ad.o" "../src/contador_ad.c"
In file included from ../src/contador_ad.c:5:0:
../src/contador_ad.c: In function 'main':
../src/contador_ad.c:39:30: error: 'XPAR_CONT_IP_S_AXI_BASEADDR' undeclared (first use in this function); did you mean 'XPAR_CONT_IP_0_S_AXI_BASEADDR'?
     res_o = CONT_IP_mReadReg(XPAR_CONT_IP_S_AXI_BASEADDR, CONT_IP_S_AXI_SLV_REG1_OFFSET);
                              ^
../../cont_ad_bsp/ps7_cortexa9_0/include/cont_ip.h:55:15: note: in definition of macro 'CONT_IP_mReadReg'
     Xil_In32((BaseAddress) + (RegOffset))
               ^~~~~~~~~~~
../src/contador_ad.c:39:30: note: each undeclared identifier is reported only once for each function it appears in
src/subdir.mk:21: fallo en las instrucciones para el objetivo 'src/contador_ad.o'
     res_o = CONT_IP_mReadReg(XPAR_CONT_IP_S_AXI_BASEADDR, CONT_IP_S_AXI_SLV_REG1_OFFSET);
                              ^
../../cont_ad_bsp/ps7_cortexa9_0/include/cont_ip.h:55:15: note: in definition of macro 'CONT_IP_mReadReg'
     Xil_In32((BaseAddress) + (RegOffset))
               ^~~~~~~~~~~
../src/contador_ad.c:43:5: warning: implicit declaration of function 'printf' [-Wimplicit-function-declaration]
     printf("\nContador: %c\n\n", res_o);
     ^~~~~~
../src/contador_ad.c:43:5: warning: incompatible implicit declaration of built-in function 'printf'
../src/contador_ad.c:43:5: note: include '<stdio.h>' or provide a declaration of 'printf'
../src/contador_ad.c:19:13: warning: unused variable 'Uart_Ps' [-Wunused-variable]
     XUartPs Uart_Ps;
             ^~~~~~~
make: *** [src/contador_ad.o] Error 1
23:15:30 **** Auto Build of configuration Debug for project cont_ad ****
make pre-build main-build 
a9-linaro-pre-build-step
 
Building file: ../src/contador_ad.c
Invoking: ARM v7 gcc compiler
arm-none-eabi-gcc -Wall -O0 -g3 -c -fmessage-length=0 -MT"src/contador_ad.o" -mcpu=cortex-a9 -mfpu=vfpv3 -mfloat-abi=hard -I../../cont_ad_bsp/ps7_cortexa9_0/include -MMD -MP -MF"src/contador_ad.d" -MT"src/contador_ad.o" -o "src/contador_ad.o" "../src/contador_ad.c"
../src/contador_ad.c: In function 'main':
../src/contador_ad.c:43:5: warning: implicit declaration of function 'printf' [-Wimplicit-function-declaration]
     printf("\nContador: %c\n\n", res_o);
     ^~~~~~
../src/contador_ad.c:43:5: warning: incompatible implicit declaration of built-in function 'printf'
../src/contador_ad.c:43:5: note: include '<stdio.h>' or provide a declaration of 'printf'
../src/contador_ad.c:19:13: warning: unused variable 'Uart_Ps' [-Wunused-variable]
     XUartPs Uart_Ps;
             ^~~~~~~
Finished building: ../src/contador_ad.c
 
Building target: cont_ad.elf
Invoking: ARM v7 gcc linker
arm-none-eabi-gcc -mcpu=cortex-a9 -mfpu=vfpv3 -mfloat-abi=hard -Wl,-build-id=none -specs=Xilinx.spec -Wl,-T -Wl,../src/lscript.ld -L../../cont_ad_bsp/ps7_cortexa9_0/lib -o "cont_ad.elf"  ./src/contador_ad.o   -Wl,--start-group,-lxil,-lgcc,-lc,--end-group
Finished building target: cont_ad.elf
 
Invoking: ARM v7 Print Size
arm-none-eabi-size cont_ad.elf  |tee "cont_ad.elf.size"
   text	   data	    bss	    dec	    hex	filename
  72140	   2592	  23408	  98140	  17f5c	cont_ad.elf
Finished building: cont_ad.elf.size
 
23:23:45 **** Incremental Build of configuration Debug for project cont_ad ****
make pre-build main-build 
a9-linaro-pre-build-step
 
make: No se hace nada para 'main-build'.
23:25:14 **** Incremental Build of configuration Debug for project cont_ad ****
make pre-build main-build 
a9-linaro-pre-build-step
 
make: No se hace nada para 'main-build'.
23:31:35 **** Auto Build of configuration Debug for project cont_ad ****
make pre-build main-build 
a9-linaro-pre-build-step
 
Building file: ../src/contador_ad.c
Invoking: ARM v7 gcc compiler
arm-none-eabi-gcc -Wall -O0 -g3 -c -fmessage-length=0 -MT"src/contador_ad.o" -mcpu=cortex-a9 -mfpu=vfpv3 -mfloat-abi=hard -I../../cont_ad_bsp/ps7_cortexa9_0/include -MMD -MP -MF"src/contador_ad.d" -MT"src/contador_ad.o" -o "src/contador_ad.o" "../src/contador_ad.c"
../src/contador_ad.c: In function 'main':
../src/contador_ad.c:46:10: warning: implicit declaration of function 'printf' [-Wimplicit-function-declaration]
          printf("\nContador: %c\n\n", res_o);
          ^~~~~~
../src/contador_ad.c:46:10: warning: incompatible implicit declaration of built-in function 'printf'
../src/contador_ad.c:46:10: note: include '<stdio.h>' or provide a declaration of 'printf'
../src/contador_ad.c:19:13: warning: unused variable 'Uart_Ps' [-Wunused-variable]
     XUartPs Uart_Ps;
             ^~~~~~~
Finished building: ../src/contador_ad.c
 
Building target: cont_ad.elf
Invoking: ARM v7 gcc linker
arm-none-eabi-gcc -mcpu=cortex-a9 -mfpu=vfpv3 -mfloat-abi=hard -Wl,-build-id=none -specs=Xilinx.spec -Wl,-T -Wl,../src/lscript.ld -L../../cont_ad_bsp/ps7_cortexa9_0/lib -o "cont_ad.elf"  ./src/contador_ad.o   -Wl,--start-group,-lxil,-lgcc,-lc,--end-group
Finished building target: cont_ad.elf
 
Invoking: ARM v7 Print Size
arm-none-eabi-size cont_ad.elf  |tee "cont_ad.elf.size"
   text	   data	    bss	    dec	    hex	filename
  72140	   2592	  23408	  98140	  17f5c	cont_ad.elf
Finished building: cont_ad.elf.size
 
23:36:46 **** Incremental Build of configuration Debug for project cont_ad ****
make pre-build main-build 
a9-linaro-pre-build-step
 
make: No se hace nada para 'main-build'.
23:37:59 **** Incremental Build of configuration Debug for project cont_ad ****
make pre-build main-build 
a9-linaro-pre-build-step
 
make: No se hace nada para 'main-build'.
23:44:02 **** Auto Build of configuration Debug for project cont_ad ****
make pre-build main-build 
a9-linaro-pre-build-step
 
Building file: ../src/contador_ad.c
Invoking: ARM v7 gcc compiler
arm-none-eabi-gcc -Wall -O0 -g3 -c -fmessage-length=0 -MT"src/contador_ad.o" -mcpu=cortex-a9 -mfpu=vfpv3 -mfloat-abi=hard -I../../cont_ad_bsp/ps7_cortexa9_0/include -MMD -MP -MF"src/contador_ad.d" -MT"src/contador_ad.o" -o "src/contador_ad.o" "../src/contador_ad.c"
../src/contador_ad.c: In function 'main':
../src/contador_ad.c:46:10: warning: implicit declaration of function 'printf' [-Wimplicit-function-declaration]
          printf("\nContador: %d\n\n", res_o);
          ^~~~~~
../src/contador_ad.c:46:10: warning: incompatible implicit declaration of built-in function 'printf'
../src/contador_ad.c:46:10: note: include '<stdio.h>' or provide a declaration of 'printf'
../src/contador_ad.c:19:13: warning: unused variable 'Uart_Ps' [-Wunused-variable]
     XUartPs Uart_Ps;
             ^~~~~~~
Finished building: ../src/contador_ad.c
 
Building target: cont_ad.elf
Invoking: ARM v7 gcc linker
arm-none-eabi-gcc -mcpu=cortex-a9 -mfpu=vfpv3 -mfloat-abi=hard -Wl,-build-id=none -specs=Xilinx.spec -Wl,-T -Wl,../src/lscript.ld -L../../cont_ad_bsp/ps7_cortexa9_0/lib -o "cont_ad.elf"  ./src/contador_ad.o   -Wl,--start-group,-lxil,-lgcc,-lc,--end-group
Finished building target: cont_ad.elf
 
Invoking: ARM v7 Print Size
arm-none-eabi-size cont_ad.elf  |tee "cont_ad.elf.size"
   text	   data	    bss	    dec	    hex	filename
  72140	   2592	  23408	  98140	  17f5c	cont_ad.elf
Finished building: cont_ad.elf.size
 
23:45:11 **** Incremental Build of configuration Debug for project cont_ad ****
make pre-build main-build 
a9-linaro-pre-build-step
 
make: No se hace nada para 'main-build'.
